  CCalculator.cpp
  CCamera.cpp
  CComponent.cpp
  CCubeTex.cpp
  CDInputMgr.cpp
  CFont.cpp
  CFontMgr.cpp
  CFrame.cpp
  CFrameMgr.cpp
  CGameObject.cpp
  CGraphicDev.cpp
  CLayer.cpp
  CManagement.cpp
  CPipeline.cpp
  CProtoMgr.cpp
  CRcCol.cpp
  CRcTex.cpp
  CRenderer.cpp
  CScene.cpp
  CTerrainTex.cpp
  코드를 생성하고 있습니다...
  컴파일하고 있습니다...
  CTexture.cpp
  CTimer.cpp
  CTimerMgr.cpp
  CTransform.cpp
  CTriCol.cpp
  CVIBuffer.cpp
  코드를 생성하고 있습니다...
     ../Bin\Engine.lib 라이브러리 및 ../Bin\Engine.exp 개체를 생성하고 있습니다.
  Engine.vcxproj -> D:\유준환\156기\Frame156\Engine\Bin\Engine.dll
  '//'은(는) 내부 또는 외부 명령, 실행할 수 있는 프로그램, 또는
  배치 파일이 아닙니다.
  .\Engine\Bin\Engine.dll
  1개 파일이 복사되었습니다.
  .\Engine\Bin\Engine.lib
  1개 파일이 복사되었습니다.
  .\Engine\Header\CCalculator.h
  .\Engine\Header\CCamera.h
  .\Engine\Header\CComponent.h
  .\Engine\Header\CCubeTex.h
  .\Engine\Header\CDInputMgr.h
  .\Engine\Header\CFont.h
  .\Engine\Header\CFontMgr.h
  .\Engine\Header\CFrame.h
  .\Engine\Header\CFrameMgr.h
  .\Engine\Header\CGameObject.h
  .\Engine\Header\CGraphicDev.h
  .\Engine\Header\CLayer.h
  .\Engine\Header\CManagement.h
  .\Engine\Header\CPipeline.h
  .\Engine\Header\CProtoMgr.h
  .\Engine\Header\CRcCol.h
  .\Engine\Header\CRcTex.h
  .\Engine\Header\CRenderer.h
  .\Engine\Header\CScene.h
  .\Engine\Header\CTerrainTex.h
  .\Engine\Header\CTexture.h
  .\Engine\Header\CTimer.h
  .\Engine\Header\CTimerMgr.h
  .\Engine\Header\CTransform.h
  .\Engine\Header\CTriCol.h
  .\Engine\Header\CVIBuffer.h
  .\Engine\Header\Engine_Define.h
  .\Engine\Header\Engine_Enum.h
  .\Engine\Header\Engine_Function.h
  .\Engine\Header\Engine_Macro.h
  .\Engine\Header\Engine_Struct.h
  .\Engine\Header\Engine_Typedef.h
  32개 파일이 복사되었습니다.
