c:\users\조한웅\desktop\빽업용\madmulletjack\engine\include\x64\debug\vc143.pdb
c:\users\조한웅\desktop\빽업용\madmulletjack\engine\include\x64\debug\vc143.idb
c:\users\조한웅\desktop\빽업용\madmulletjack\engine\include\x64\debug\cscene.obj
c:\users\조한웅\desktop\빽업용\madmulletjack\engine\include\x64\debug\crenderer.obj
c:\users\조한웅\desktop\빽업용\madmulletjack\engine\include\x64\debug\cvibuffer_rect.obj
c:\users\조한웅\desktop\빽업용\madmulletjack\engine\include\x64\debug\ccomponentmgr.obj
c:\users\조한웅\desktop\빽업용\madmulletjack\engine\include\x64\debug\cobjectmanager.obj
c:\users\조한웅\desktop\빽업용\madmulletjack\engine\include\x64\debug\cmanagement.obj
c:\users\조한웅\desktop\빽업용\madmulletjack\engine\include\x64\debug\clayer.obj
c:\users\조한웅\desktop\빽업용\madmulletjack\engine\include\x64\debug\cgraphicdev.obj
c:\users\조한웅\desktop\빽업용\madmulletjack\engine\include\x64\debug\cgameobject.obj
c:\users\조한웅\desktop\빽업용\madmulletjack\engine\include\x64\debug\cframemgr.obj
c:\users\조한웅\desktop\빽업용\madmulletjack\engine\include\x64\debug\cframe.obj
c:\users\조한웅\desktop\빽업용\madmulletjack\engine\include\x64\debug\cfontmgr.obj
c:\users\조한웅\desktop\빽업용\madmulletjack\engine\include\x64\debug\cfont.obj
c:\users\조한웅\desktop\빽업용\madmulletjack\engine\include\x64\debug\cdinputmgr.obj
c:\users\조한웅\desktop\빽업용\madmulletjack\engine\include\x64\debug\vibuffer_cube.obj
c:\users\조한웅\desktop\빽업용\madmulletjack\engine\include\x64\debug\ccomponent.obj
c:\users\조한웅\desktop\빽업용\madmulletjack\engine\include\x64\debug\ccolider_rect.obj
c:\users\조한웅\desktop\빽업용\madmulletjack\engine\include\x64\debug\ccolidermanager.obj
c:\users\조한웅\desktop\빽업용\madmulletjack\engine\include\x64\debug\ccamera.obj
c:\users\조한웅\desktop\빽업용\madmulletjack\engine\include\x64\debug\ccalculator.obj
c:\users\조한웅\desktop\빽업용\madmulletjack\engine\include\x64\debug\cvibuffer.obj
c:\users\조한웅\desktop\빽업용\madmulletjack\engine\include\x64\debug\ctransform.obj
c:\users\조한웅\desktop\빽업용\madmulletjack\engine\include\x64\debug\ctimermgr.obj
c:\users\조한웅\desktop\빽업용\madmulletjack\engine\include\x64\debug\ctimer.obj
c:\users\조한웅\desktop\빽업용\madmulletjack\engine\include\x64\debug\ctexture.obj
c:\users\조한웅\desktop\빽업용\madmulletjack\engine\include\x64\debug\cvibuffer_terrian.obj
c:\users\조한웅\desktop\빽업용\madmulletjack\engine\bin\engine.dll
c:\users\조한웅\desktop\빽업용\madmulletjack\engine\bin\engine.pdb
c:\users\조한웅\desktop\빽업용\madmulletjack\engine\bin\engine.lib
c:\users\조한웅\desktop\빽업용\madmulletjack\engine\bin\engine.exp
c:\users\조한웅\desktop\빽업용\madmulletjack\engine\include\x64\debug\engine.ilk
c:\users\chaerim\documents\madmulletjack\engine\include\x64\debug\ccalculator.obj
c:\users\chaerim\documents\madmulletjack\engine\include\x64\debug\ccamera.obj
c:\users\chaerim\documents\madmulletjack\engine\include\x64\debug\ccomponent.obj
c:\users\chaerim\documents\madmulletjack\engine\include\x64\debug\ccubetex.obj
c:\users\chaerim\documents\madmulletjack\engine\include\x64\debug\cdinputmgr.obj
c:\users\chaerim\documents\madmulletjack\engine\include\x64\debug\cfont.obj
c:\users\chaerim\documents\madmulletjack\engine\include\x64\debug\cfontmgr.obj
c:\users\chaerim\documents\madmulletjack\engine\include\x64\debug\cframe.obj
c:\users\chaerim\documents\madmulletjack\engine\include\x64\debug\cframemgr.obj
c:\users\chaerim\documents\madmulletjack\engine\include\x64\debug\cgameobject.obj
c:\users\chaerim\documents\madmulletjack\engine\include\x64\debug\cgraphicdev.obj
c:\users\chaerim\documents\madmulletjack\engine\include\x64\debug\clayer.obj
c:\users\chaerim\documents\madmulletjack\engine\include\x64\debug\cmanagement.obj
c:\users\chaerim\documents\madmulletjack\engine\include\x64\debug\cpipeline.obj
c:\users\chaerim\documents\madmulletjack\engine\include\x64\debug\cprotomgr.obj
c:\users\chaerim\documents\madmulletjack\engine\include\x64\debug\crccol.obj
c:\users\chaerim\documents\madmulletjack\engine\include\x64\debug\crctex.obj
c:\users\chaerim\documents\madmulletjack\engine\include\x64\debug\crenderer.obj
c:\users\chaerim\documents\madmulletjack\engine\include\x64\debug\cscene.obj
c:\users\chaerim\documents\madmulletjack\engine\include\x64\debug\cterraintex.obj
c:\users\chaerim\documents\madmulletjack\engine\include\x64\debug\ctexture.obj
c:\users\chaerim\documents\madmulletjack\engine\include\x64\debug\ctimer.obj
c:\users\chaerim\documents\madmulletjack\engine\include\x64\debug\ctimermgr.obj
c:\users\chaerim\documents\madmulletjack\engine\include\x64\debug\ctransform.obj
c:\users\chaerim\documents\madmulletjack\engine\include\x64\debug\ctricol.obj
c:\users\chaerim\documents\madmulletjack\engine\include\x64\debug\cvibuffer.obj
c:\users\chaerim\documents\madmulletjack\engine\include\x64\debug\engine.ilk
c:\users\chaerim\documents\madmulletjack\engine\include\x64\debug\vc143.idb
c:\users\chaerim\documents\madmulletjack\engine\include\x64\debug\vc143.pdb
c:\users\chaerim\documents\madmulletjack\engine\bin\engine.dll
c:\users\chaerim\documents\madmulletjack\engine\include\x64\debug\engine.tlog\cl.command.1.tlog
c:\users\chaerim\documents\madmulletjack\engine\include\x64\debug\engine.tlog\cl.items.tlog
c:\users\chaerim\documents\madmulletjack\engine\include\x64\debug\engine.tlog\cl.read.1.tlog
c:\users\chaerim\documents\madmulletjack\engine\include\x64\debug\engine.tlog\cl.write.1.tlog
c:\users\chaerim\documents\madmulletjack\engine\include\x64\debug\engine.tlog\link.command.1.tlog
c:\users\chaerim\documents\madmulletjack\engine\include\x64\debug\engine.tlog\link.read.1.tlog
c:\users\chaerim\documents\madmulletjack\engine\include\x64\debug\engine.tlog\link.secondary.1.tlog
c:\users\chaerim\documents\madmulletjack\engine\include\x64\debug\engine.tlog\link.write.1.tlog
